lbdbq: 6 matches
baz@example.com	Ab1 Ab1	2022-01-08 12:00
bzbz@example.com	"Ff6 Ff6"	2022-01-06 12:00
foo@example.com	Bb2 Bb2	2022-01-05 12:00
baba@example.com	Cc3 Cc3	2022-01-03 12:00
fofo@example.com	Dd4 Dd4	2022-01-02 12:00
bar@example.com	"Ee5 Ee5"	2022-01-01 12:00
