lbdbq: 3 matches
erika.home@example.com	Erika Musterfrau	(VCF)
erika.musterfrau@example.com	Erika Musterfrau	(VCF)
max.mustermann@example.com	Max Mustermann	(VCF)
